minishell $ ech"o"
[ech"o"]
minishell $ ""
[""]
minishell $ ec"ho" he"l"lo
[ec"ho"]
[he"l"lo]
minishell $ ec"ho" he'"'l"lo"
[ec"ho"]
[he'"'l"lo"]
minishell $ "''       '' "'''"
["''       '' "'''"]
minishell $    heeey les   ""  '  '''       amis
[heeey]
[les]
[""]
['  ''']
[amis]
minishell $ 
minishell $              
minishell $ echo """ "
[echo]
[""" "]
minishell $       he"l"   "o" 
[he"l"]
["o"]
minishell $ "hel "   " lo"
["hel "]
[" lo"]
minishell $ "hel "   " lo"  
["hel "]
[" lo"]
minishell $ exit
