minishell $ 
minishell $ ls tests
CUNIT
env
tester_folder
valgrind
minishell $ /bin/ls tests
CUNIT
env
tester_folder
valgrind
minishell $ /bin/ls includes ./tests
includes:
minishell.h

./tests:
CUNIT
env
tester_folder
valgrind
minishell $ pouet
pouet: command not found
minishell $ /pouet
minishell: /pouet: No such file or directory
minishell $ exit
exit
