minishell $ cd ..
minishell $ pwd
/home/mat/Desktop/42/Minishell
minishell $ cd bonjour
cd : wrong argument, inexistant path
minishell $ cd repo
minishell $ pwd
/home/mat/Desktop/42/Minishell/repo
minishell $ cd ../..
minishell $ pwd
/home/mat/Desktop/42
minishell $ cd ../42/pipex/srcs/..
minishell $ pwd
/home/mat/Desktop/42/pipex
minishell $ pwd blata bonjour noerror
/home/mat/Desktop/42/pipex
minishell $ cd .. blata
cd : too many arguments
minishell $ exit
exit
